// Vitest Snapshot v1, https://vitest.dev/guide/snapshot.html

exports[`DividerWithText > should match snapshot 1`] = `
.c0 {
  display: flex;
  align-items: center;
  margin: 0px 0;
}

.c1 {
  font-size: 12px;
  color: var(--color-text-2);
  margin-right: 8px;
}

.c2 {
  flex: 1;
  height: 1px;
  background-color: var(--color-border);
}

<div
  class="c0"
>
  <span
    class="c1"
  >
    Test Divider
  </span>
  <div
    class="c2"
  />
</div>
`;
